###############################################################################
#
# IAR ELF Linker V9.50.1.380/W64 for ARM                  13/Sep/2024  22:16:04
# Copyright 2007-2023 IAR Systems AB.
#
#    Output file  =
#        G:\STM32_DeepJ60_test\EWARM\STM32_DeepJ60_test\Exe\STM32_DeepJ60_test.out
#    Map file     =
#        G:\STM32_DeepJ60_test\EWARM\STM32_DeepJ60_test\List\STM32_DeepJ60_test.map
#    Command line =
#        -f
#        G:\STM32_DeepJ60_test\EWARM\STM32_DeepJ60_test\Exe\STM32_DeepJ60_test.out.rsp
#        (G:\STM32_DeepJ60_test\EWARM\STM32_DeepJ60_test\Obj\User_4889033380472473340.dir\Callback.o
#        G:\STM32_DeepJ60_test\EWARM\STM32_DeepJ60_test\Obj\Core_13247989168731456611.dir\can.o
#        G:\STM32_DeepJ60_test\EWARM\STM32_DeepJ60_test\Obj\DeepJ60_1647510875984518420.dir\DeepJ60_can.o
#        G:\STM32_DeepJ60_test\EWARM\STM32_DeepJ60_test\Obj\DeepJ60_1647510875984518420.dir\DeepJ60_Motor.o
#        G:\STM32_DeepJ60_test\EWARM\STM32_DeepJ60_test\Obj\Core_13247989168731456611.dir\gpio.o
#        G:\STM32_DeepJ60_test\EWARM\STM32_DeepJ60_test\Obj\Core_13247989168731456611.dir\main.o
#        G:\STM32_DeepJ60_test\EWARM\STM32_DeepJ60_test\Obj\EWARM_18443280873093131863.dir\startup_stm32f407xx.o
#        G:\STM32_DeepJ60_test\EWARM\STM32_DeepJ60_test\Obj\STM32F4xx_HAL_Driver_1244631019742807970.dir\stm32f4xx_hal.o
#        G:\STM32_DeepJ60_test\EWARM\STM32_DeepJ60_test\Obj\STM32F4xx_HAL_Driver_1244631019742807970.dir\stm32f4xx_hal_can.o
#        G:\STM32_DeepJ60_test\EWARM\STM32_DeepJ60_test\Obj\STM32F4xx_HAL_Driver_1244631019742807970.dir\stm32f4xx_hal_cortex.o
#        G:\STM32_DeepJ60_test\EWARM\STM32_DeepJ60_test\Obj\STM32F4xx_HAL_Driver_1244631019742807970.dir\stm32f4xx_hal_dma.o
#        G:\STM32_DeepJ60_test\EWARM\STM32_DeepJ60_test\Obj\STM32F4xx_HAL_Driver_1244631019742807970.dir\stm32f4xx_hal_dma_ex.o
#        G:\STM32_DeepJ60_test\EWARM\STM32_DeepJ60_test\Obj\STM32F4xx_HAL_Driver_1244631019742807970.dir\stm32f4xx_hal_exti.o
#        G:\STM32_DeepJ60_test\EWARM\STM32_DeepJ60_test\Obj\STM32F4xx_HAL_Driver_1244631019742807970.dir\stm32f4xx_hal_flash.o
#        G:\STM32_DeepJ60_test\EWARM\STM32_DeepJ60_test\Obj\STM32F4xx_HAL_Driver_1244631019742807970.dir\stm32f4xx_hal_flash_ex.o
#        G:\STM32_DeepJ60_test\EWARM\STM32_DeepJ60_test\Obj\STM32F4xx_HAL_Driver_1244631019742807970.dir\stm32f4xx_hal_flash_ramfunc.o
#        G:\STM32_DeepJ60_test\EWARM\STM32_DeepJ60_test\Obj\STM32F4xx_HAL_Driver_1244631019742807970.dir\stm32f4xx_hal_gpio.o
#        G:\STM32_DeepJ60_test\EWARM\STM32_DeepJ60_test\Obj\Core_13247989168731456611.dir\stm32f4xx_hal_msp.o
#        G:\STM32_DeepJ60_test\EWARM\STM32_DeepJ60_test\Obj\STM32F4xx_HAL_Driver_1244631019742807970.dir\stm32f4xx_hal_pwr.o
#        G:\STM32_DeepJ60_test\EWARM\STM32_DeepJ60_test\Obj\STM32F4xx_HAL_Driver_1244631019742807970.dir\stm32f4xx_hal_pwr_ex.o
#        G:\STM32_DeepJ60_test\EWARM\STM32_DeepJ60_test\Obj\STM32F4xx_HAL_Driver_1244631019742807970.dir\stm32f4xx_hal_rcc.o
#        G:\STM32_DeepJ60_test\EWARM\STM32_DeepJ60_test\Obj\STM32F4xx_HAL_Driver_1244631019742807970.dir\stm32f4xx_hal_rcc_ex.o
#        G:\STM32_DeepJ60_test\EWARM\STM32_DeepJ60_test\Obj\STM32F4xx_HAL_Driver_1244631019742807970.dir\stm32f4xx_hal_tim.o
#        G:\STM32_DeepJ60_test\EWARM\STM32_DeepJ60_test\Obj\STM32F4xx_HAL_Driver_1244631019742807970.dir\stm32f4xx_hal_tim_ex.o
#        G:\STM32_DeepJ60_test\EWARM\STM32_DeepJ60_test\Obj\Core_13247989168731456611.dir\stm32f4xx_it.o
#        G:\STM32_DeepJ60_test\EWARM\STM32_DeepJ60_test\Obj\CMSIS_6603591812247902717.dir\system_stm32f4xx.o
#        --no_out_extension -o
#        G:\STM32_DeepJ60_test\EWARM\STM32_DeepJ60_test\Exe\STM32_DeepJ60_test.out
#        --redirect _Printf=_PrintfFullNoMb --redirect _Scanf=_ScanfFullNoMb
#        --map
#        G:\STM32_DeepJ60_test\EWARM\STM32_DeepJ60_test\List\STM32_DeepJ60_test.map
#        --config G:\STM32_DeepJ60_test\EWARM/stm32f407xx_flash.icf
#        --semihosting --entry __iar_program_start --vfe --text_out locale
#        --cpu=Cortex-M4 --fpu=VFPv4_sp) --dependencies=n
#        G:\STM32_DeepJ60_test\EWARM\STM32_DeepJ60_test\Exe\STM32_DeepJ60_test.out.iar_deps
#
###############################################################################

*******************************************************************************
*** RUNTIME MODEL ATTRIBUTES
***

CppFlavor       = *
__CPP_Runtime   = 1
__SystemLibrary = DLib
__dlib_version  = 6


*******************************************************************************
*** HEAP SELECTION
***

The basic heap was selected because --advanced_heap
was not specified and the application did not appear to
be primarily optimized for speed.


*******************************************************************************
*** PLACEMENT SUMMARY
***

"A0":  place at address 0x800'0000 { ro section .intvec };
"P1":  place in [from 0x800'0000 to 0x80f'ffff] { ro };
define block CSTACK with size = 1K, alignment = 8 { };
define block HEAP with size = 512, alignment = 8 { };
"P2":  place in [from 0x2000'0000 to 0x2001'ffff] {
          rw, block CSTACK, block HEAP };
initialize by copy { rw };

  Section            Kind         Address  Aligment    Size  Object
  -------            ----         -------  --------    ----  ------
"A0":                                                 0x188
  .intvec            ro code   0x800'0000         4   0x188  startup_stm32f407xx.o [4]
                             - 0x800'0188             0x188

"P1":                                                0x2568
  .text              ro code   0x800'0188         4   0x8fc  DeepJ60_Motor.o [3]
  .text              ro code   0x800'0a84         4   0x178  DeepJ60_can.o [3]
  .text              ro code   0x800'0bfc         4   0x7ee  stm32f4xx_hal_can.o [5]
  .text              ro code   0x800'13ea         2    0x2a  copy_init3.o [9]
  .text              ro code   0x800'1414         4   0x140  can.o [2]
  .text              ro code   0x800'1554         4     0xc  stm32f4xx_hal.o [5]
  .text              ro code   0x800'1560         2     0x2  stm32f4xx_hal_can.o [5]
  .text              ro code   0x800'1562         2     0x2  stm32f4xx_hal_can.o [5]
  .text              ro code   0x800'1564         2     0x2  stm32f4xx_hal_can.o [5]
  .text              ro code   0x800'1566         2     0x2  stm32f4xx_hal_can.o [5]
  .text              ro code   0x800'1568         2     0x2  stm32f4xx_hal_can.o [5]
  .text              ro code   0x800'156a         2     0x2  stm32f4xx_hal_can.o [5]
  .text              ro code   0x800'156c         2     0x2  stm32f4xx_hal_can.o [5]
  .text              ro code   0x800'1570         4    0x24  Callback.o [6]
  .text              ro code   0x800'1594         2     0x2  stm32f4xx_hal_can.o [5]
  .text              ro code   0x800'1596         2     0x2  stm32f4xx_hal_can.o [5]
  .text              ro code   0x800'1598         2     0x2  stm32f4xx_hal_can.o [5]
  .text              ro code   0x800'159a         2     0x2  stm32f4xx_hal_can.o [5]
  .text              ro code   0x800'159c         2     0x2  stm32f4xx_hal_can.o [5]
  .text              ro code   0x800'15a0         4    0xf8  main.o [2]
  .text              ro code   0x800'1698         4    0x66  ABImemset.o [9]
  .text              ro code   0x800'1700         4   0x270  stm32f4xx_hal_gpio.o [5]
  .text              ro code   0x800'1970         4   0x15c  stm32f4xx_hal_cortex.o [5]
  .text              ro code   0x800'1acc         4    0x34  stm32f4xx_hal.o [5]
  .text              ro code   0x800'1b00         4    0x88  gpio.o [2]
  .text              ro code   0x800'1b88         4   0x3e4  stm32f4xx_hal_rcc.o [5]
  .text              ro code   0x800'1f6c         4   0x158  stm32f4xx_hal_rcc.o [5]
  .text              ro code   0x800'20c4         4    0x4c  stm32f4xx_hal.o [5]
  .text              ro code   0x800'2110         4    0x40  stm32f4xx_hal_msp.o [2]
  .text              ro code   0x800'2150         4    0x94  stm32f4xx_hal_rcc.o [5]
  .text              ro code   0x800'21e4         4   0x230  I64DivMod.o [9]
  .text              ro code   0x800'2414         4     0x2  I64DivZer.o [9]
  .text              ro code   0x800'2418         4    0x3c  stm32f4xx_it.o [2]
  .text              ro code   0x800'2454         4    0x18  stm32f4xx_hal.o [5]
  .text              ro code   0x800'246c         2    0x38  zero_init3.o [9]
  .text              ro code   0x800'24a4         4    0x2a  data_init.o [9]
  .text              ro code   0x800'24d0         4    0x22  fpinit_M.o [8]
  .iar.init_table    const     0x800'24f4         4    0x24  - Linker created -
  .text              ro code   0x800'2518         4    0x1e  cmain.o [9]
  .text              ro code   0x800'2536         2     0x4  low_level_init.o [7]
  .text              ro code   0x800'253a         2     0x4  exit.o [7]
  .text              ro code   0x800'2540         4     0xa  cexit.o [9]
  .text              ro code   0x800'254c         4    0x14  exit.o [10]
  .text              ro code   0x800'2560         4    0x1c  cstartup_M.o [9]
  .rodata            const     0x800'257c         4    0x10  system_stm32f4xx.o [1]
  .text              ro code   0x800'258c         4    0x10  startup_stm32f407xx.o [4]
  .text              ro code   0x800'259c         4    0x10  system_stm32f4xx.o [1]
  Initializer bytes  const     0x800'25ac         4     0xc  <for P2-1>
  .text              ro code   0x800'25b8         2     0x4  startup_stm32f407xx.o [4]
  .text              ro code   0x800'25bc         2     0x4  startup_stm32f407xx.o [4]
  .text              ro code   0x800'25c0         2     0x4  startup_stm32f407xx.o [4]
  .text              ro code   0x800'25c4         2     0x4  startup_stm32f407xx.o [4]
  .text              ro code   0x800'25c8         2     0x4  startup_stm32f407xx.o [4]
  .text              ro code   0x800'25cc         2     0x4  startup_stm32f407xx.o [4]
  .text              ro code   0x800'25d0         2     0x4  startup_stm32f407xx.o [4]
  .text              ro code   0x800'25d4         2     0x4  startup_stm32f407xx.o [4]
  .text              ro code   0x800'25d8         2     0x4  startup_stm32f407xx.o [4]
  .text              ro code   0x800'25dc         2     0x4  startup_stm32f407xx.o [4]
  .text              ro code   0x800'25e0         2     0x4  startup_stm32f407xx.o [4]
  .text              ro code   0x800'25e4         2     0x4  startup_stm32f407xx.o [4]
  .text              ro code   0x800'25e8         2     0x4  startup_stm32f407xx.o [4]
  .text              ro code   0x800'25ec         2     0x4  startup_stm32f407xx.o [4]
  .text              ro code   0x800'25f0         2     0x4  startup_stm32f407xx.o [4]
  .text              ro code   0x800'25f4         2     0x4  startup_stm32f407xx.o [4]
  .text              ro code   0x800'25f8         2     0x4  startup_stm32f407xx.o [4]
  .text              ro code   0x800'25fc         2     0x4  startup_stm32f407xx.o [4]
  .text              ro code   0x800'2600         2     0x4  startup_stm32f407xx.o [4]
  .text              ro code   0x800'2604         2     0x4  startup_stm32f407xx.o [4]
  .text              ro code   0x800'2608         2     0x4  startup_stm32f407xx.o [4]
  .text              ro code   0x800'260c         2     0x4  startup_stm32f407xx.o [4]
  .text              ro code   0x800'2610         2     0x4  startup_stm32f407xx.o [4]
  .text              ro code   0x800'2614         2     0x4  startup_stm32f407xx.o [4]
  .text              ro code   0x800'2618         2     0x4  startup_stm32f407xx.o [4]
  .text              ro code   0x800'261c         2     0x4  startup_stm32f407xx.o [4]
  .text              ro code   0x800'2620         2     0x4  startup_stm32f407xx.o [4]
  .text              ro code   0x800'2624         2     0x4  startup_stm32f407xx.o [4]
  .text              ro code   0x800'2628         2     0x4  startup_stm32f407xx.o [4]
  .text              ro code   0x800'262c         2     0x4  startup_stm32f407xx.o [4]
  .text              ro code   0x800'2630         2     0x4  startup_stm32f407xx.o [4]
  .text              ro code   0x800'2634         2     0x4  startup_stm32f407xx.o [4]
  .text              ro code   0x800'2638         2     0x4  startup_stm32f407xx.o [4]
  .text              ro code   0x800'263c         2     0x4  startup_stm32f407xx.o [4]
  .text              ro code   0x800'2640         2     0x4  startup_stm32f407xx.o [4]
  .text              ro code   0x800'2644         2     0x4  startup_stm32f407xx.o [4]
  .text              ro code   0x800'2648         2     0x4  startup_stm32f407xx.o [4]
  .text              ro code   0x800'264c         2     0x4  startup_stm32f407xx.o [4]
  .text              ro code   0x800'2650         2     0x4  startup_stm32f407xx.o [4]
  .text              ro code   0x800'2654         2     0x4  startup_stm32f407xx.o [4]
  .text              ro code   0x800'2658         2     0x4  startup_stm32f407xx.o [4]
  .text              ro code   0x800'265c         2     0x4  startup_stm32f407xx.o [4]
  .text              ro code   0x800'2660         2     0x4  startup_stm32f407xx.o [4]
  .text              ro code   0x800'2664         2     0x4  startup_stm32f407xx.o [4]
  .text              ro code   0x800'2668         2     0x4  startup_stm32f407xx.o [4]
  .text              ro code   0x800'266c         2     0x4  startup_stm32f407xx.o [4]
  .text              ro code   0x800'2670         2     0x4  startup_stm32f407xx.o [4]
  .text              ro code   0x800'2674         2     0x4  startup_stm32f407xx.o [4]
  .text              ro code   0x800'2678         2     0x4  startup_stm32f407xx.o [4]
  .text              ro code   0x800'267c         2     0x4  startup_stm32f407xx.o [4]
  .text              ro code   0x800'2680         2     0x4  startup_stm32f407xx.o [4]
  .text              ro code   0x800'2684         2     0x4  startup_stm32f407xx.o [4]
  .text              ro code   0x800'2688         2     0x4  startup_stm32f407xx.o [4]
  .text              ro code   0x800'268c         2     0x4  startup_stm32f407xx.o [4]
  .text              ro code   0x800'2690         2     0x4  startup_stm32f407xx.o [4]
  .text              ro code   0x800'2694         2     0x4  startup_stm32f407xx.o [4]
  .text              ro code   0x800'2698         2     0x4  startup_stm32f407xx.o [4]
  .text              ro code   0x800'269c         2     0x4  startup_stm32f407xx.o [4]
  .text              ro code   0x800'26a0         2     0x4  startup_stm32f407xx.o [4]
  .text              ro code   0x800'26a4         2     0x4  startup_stm32f407xx.o [4]
  .text              ro code   0x800'26a8         2     0x4  startup_stm32f407xx.o [4]
  .text              ro code   0x800'26ac         2     0x4  startup_stm32f407xx.o [4]
  .text              ro code   0x800'26b0         2     0x4  startup_stm32f407xx.o [4]
  .text              ro code   0x800'26b4         2     0x4  startup_stm32f407xx.o [4]
  .text              ro code   0x800'26b8         2     0x4  startup_stm32f407xx.o [4]
  .text              ro code   0x800'26bc         2     0x4  startup_stm32f407xx.o [4]
  .text              ro code   0x800'26c0         2     0x4  startup_stm32f407xx.o [4]
  .text              ro code   0x800'26c4         2     0x4  startup_stm32f407xx.o [4]
  .text              ro code   0x800'26c8         2     0x4  startup_stm32f407xx.o [4]
  .text              ro code   0x800'26cc         2     0x4  startup_stm32f407xx.o [4]
  .text              ro code   0x800'26d0         2     0x4  startup_stm32f407xx.o [4]
  .text              ro code   0x800'26d4         2     0x4  startup_stm32f407xx.o [4]
  .text              ro code   0x800'26d8         2     0x4  startup_stm32f407xx.o [4]
  .text              ro code   0x800'26dc         2     0x4  startup_stm32f407xx.o [4]
  .text              ro code   0x800'26e0         2     0x4  startup_stm32f407xx.o [4]
  .text              ro code   0x800'26e4         2     0x4  startup_stm32f407xx.o [4]
  .text              ro code   0x800'26e8         2     0x4  startup_stm32f407xx.o [4]
  .text              ro code   0x800'26ec         2     0x4  startup_stm32f407xx.o [4]
  .rodata            const     0x800'26f0               0x0  zero_init3.o [9]
  .rodata            const     0x800'26f0               0x0  copy_init3.o [9]
                             - 0x800'26f0            0x2568

"P2", part 1 of 3:                                      0xc
  P2-1                        0x2000'0000         4     0x9  <Init block>
    .data            inited   0x2000'0000         4     0x4  stm32f4xx_hal.o [5]
    .data            inited   0x2000'0004         4     0x4  system_stm32f4xx.o [1]
    .data            inited   0x2000'0008               0x1  stm32f4xx_hal.o [5]
                            - 0x2000'0009               0x9

"P2", part 2 of 3:                                    0x110
  .bss               zero     0x2000'000c         4    0x54  DeepJ60_can.o [3]
  .bss               zero     0x2000'0060         4    0x44  DeepJ60_Motor.o [3]
  .bss               zero     0x2000'00a4         4    0x28  can.o [2]
  .bss               zero     0x2000'00cc         4    0x28  can.o [2]
  .bss               zero     0x2000'00f4         4    0x1c  DeepJ60_can.o [3]
  .bss               zero     0x2000'0110         4     0x4  DeepJ60_can.o [3]
  .bss               zero     0x2000'0114         4     0x4  stm32f4xx_hal.o [5]
  .bss               zero     0x2000'0118               0x1  main.o [2]
                            - 0x2000'0119             0x10d

"P2", part 3 of 3:                                    0x400
  CSTACK                      0x2000'0120         8   0x400  <Block>
    CSTACK           uninit   0x2000'0120             0x400  <Block tail>
                            - 0x2000'0520             0x400

Unused ranges:

         From           To      Size
         ----           --      ----
   0x800'26f0   0x80f'ffff  0xf'd910
  0x2000'011c  0x2000'011f       0x4
  0x2000'0520  0x2001'ffff  0x1'fae0


*******************************************************************************
*** INIT TABLE
***

          Address      Size
          -------      ----
Zero (__iar_zero_init3)
    1 destination range, total size 0x10d:
          0x2000'000c  0x10d

Copy (__iar_copy_init3)
    1 source range, total size 0xc (133% of destination):
           0x800'25ac    0xc
    1 destination range, total size 0x9:
          0x2000'0000    0x9



*******************************************************************************
*** MODULE SUMMARY
***

    Module                  ro code  ro data  rw data
    ------                  -------  -------  -------
command line/config:
    -------------------------------------------------
    Total:

G:\STM32_DeepJ60_test\EWARM\STM32_DeepJ60_test\Obj\CMSIS_6603591812247902717.dir: [1]
    system_stm32f4xx.o           16       20        4
    -------------------------------------------------
    Total:                       16       20        4

G:\STM32_DeepJ60_test\EWARM\STM32_DeepJ60_test\Obj\Core_13247989168731456611.dir: [2]
    can.o                       320                80
    gpio.o                      136
    main.o                      248                 1
    stm32f4xx_hal_msp.o          64
    stm32f4xx_it.o               60
    -------------------------------------------------
    Total:                      828                81

G:\STM32_DeepJ60_test\EWARM\STM32_DeepJ60_test\Obj\DeepJ60_1647510875984518420.dir: [3]
    DeepJ60_Motor.o           2'300                68
    DeepJ60_can.o               376               116
    -------------------------------------------------
    Total:                    2'676               184

G:\STM32_DeepJ60_test\EWARM\STM32_DeepJ60_test\Obj\EWARM_18443280873093131863.dir: [4]
    startup_stm32f407xx.o       720
    -------------------------------------------------
    Total:                      720

G:\STM32_DeepJ60_test\EWARM\STM32_DeepJ60_test\Obj\STM32F4xx_HAL_Driver_1244631019742807970.dir: [5]
    stm32f4xx_hal.o             164        5        9
    stm32f4xx_hal_can.o       2'054
    stm32f4xx_hal_cortex.o      348
    stm32f4xx_hal_gpio.o        624
    stm32f4xx_hal_rcc.o       1'488
    -------------------------------------------------
    Total:                    4'678        5        9

G:\STM32_DeepJ60_test\EWARM\STM32_DeepJ60_test\Obj\User_4889033380472473340.dir: [6]
    Callback.o                   36
    -------------------------------------------------
    Total:                       36

dl7M_tln.a: [7]
    exit.o                        4
    low_level_init.o              4
    -------------------------------------------------
    Total:                        8

m7M_tls.a: [8]
    fpinit_M.o                   34
    -------------------------------------------------
    Total:                       34

rt7M_tl.a: [9]
    ABImemset.o                 102
    I64DivMod.o                 560
    I64DivZer.o                   2
    cexit.o                      10
    cmain.o                      30
    copy_init3.o                 42
    cstartup_M.o                 28
    data_init.o                  42
    zero_init3.o                 56
    -------------------------------------------------
    Total:                      872

shb_l.a: [10]
    exit.o                       20
    -------------------------------------------------
    Total:                       20

    Gaps                         14        2
    Linker created                        39    1'024
-----------------------------------------------------
    Grand Total:              9'902       66    1'302


*******************************************************************************
*** ENTRY LIST
***

Entry                       Address   Size  Type      Object
-----                       -------   ----  ----      ------
.iar.init_table$$Base    0x800'24f4          --   Gb  - Linker created -
.iar.init_table$$Limit   0x800'2518          --   Gb  - Linker created -
?main                    0x800'2519         Code  ??  cmain.o [9]
ADC_IRQHandler           0x800'2601         Code  Wk  startup_stm32f407xx.o [4]
AHBPrescTable            0x800'257c   0x10  Data  ??  system_stm32f4xx.o [1]
AnalyseJ60MotorReceiveData
                         0x800'0a67    0xc  Code  ??  DeepJ60_Motor.o [3]
BusFault_Handler         0x800'241f    0x2  Code  ??  stm32f4xx_it.o [2]
CAN1_RX0_IRQHandler      0x800'243b    0xa  Code  ??  stm32f4xx_it.o [2]
CAN1_RX1_IRQHandler      0x800'2445    0xa  Code  ??  stm32f4xx_it.o [2]
CAN1_SCE_IRQHandler      0x800'2605         Code  Wk  startup_stm32f407xx.o [4]
CAN1_TX_IRQHandler       0x800'2431    0xa  Code  ??  stm32f4xx_it.o [2]
CAN2_RX0_IRQHandler      0x800'26ad         Code  Wk  startup_stm32f407xx.o [4]
CAN2_RX1_IRQHandler      0x800'26b1         Code  Wk  startup_stm32f407xx.o [4]
CAN2_SCE_IRQHandler      0x800'26b5         Code  Wk  startup_stm32f407xx.o [4]
CAN2_TX_IRQHandler       0x800'26a9         Code  Wk  startup_stm32f407xx.o [4]
CAN_FilterConfig         0x800'1521   0x34  Code  ??  can.o [2]
CSTACK$$Base            0x2000'0120          --   Gb  - Linker created -
CSTACK$$Limit           0x2000'0520          --   ??  - Linker created -
Can                     0x2000'000c   0x54  Data  ??  DeepJ60_can.o [3]
CanDataToRealData        0x800'0ac5   0x2a  Code  ??  DeepJ60_can.o [3]
CanRxInformation        0x2000'00f4   0x1c  Data  ??  DeepJ60_can.o [3]
Can_Receive              0x800'0b71   0x80  Code  ??  DeepJ60_can.o [3]
Can_Send                 0x800'0aef   0x82  Code  ??  DeepJ60_can.o [3]
DCMI_IRQHandler          0x800'26e5         Code  Wk  startup_stm32f407xx.o [4]
DMA1_Stream0_IRQHandler
                         0x800'25e5         Code  Wk  startup_stm32f407xx.o [4]
DMA1_Stream1_IRQHandler
                         0x800'25e9         Code  Wk  startup_stm32f407xx.o [4]
DMA1_Stream2_IRQHandler
                         0x800'25ed         Code  Wk  startup_stm32f407xx.o [4]
DMA1_Stream3_IRQHandler
                         0x800'25f1         Code  Wk  startup_stm32f407xx.o [4]
DMA1_Stream4_IRQHandler
                         0x800'25f5         Code  Wk  startup_stm32f407xx.o [4]
DMA1_Stream5_IRQHandler
                         0x800'25f9         Code  Wk  startup_stm32f407xx.o [4]
DMA1_Stream6_IRQHandler
                         0x800'25fd         Code  Wk  startup_stm32f407xx.o [4]
DMA1_Stream7_IRQHandler
                         0x800'2669         Code  Wk  startup_stm32f407xx.o [4]
DMA2_Stream0_IRQHandler
                         0x800'268d         Code  Wk  startup_stm32f407xx.o [4]
DMA2_Stream1_IRQHandler
                         0x800'2691         Code  Wk  startup_stm32f407xx.o [4]
DMA2_Stream2_IRQHandler
                         0x800'2695         Code  Wk  startup_stm32f407xx.o [4]
DMA2_Stream3_IRQHandler
                         0x800'2699         Code  Wk  startup_stm32f407xx.o [4]
DMA2_Stream4_IRQHandler
                         0x800'269d         Code  Wk  startup_stm32f407xx.o [4]
DMA2_Stream5_IRQHandler
                         0x800'26bd         Code  Wk  startup_stm32f407xx.o [4]
DMA2_Stream6_IRQHandler
                         0x800'26c1         Code  Wk  startup_stm32f407xx.o [4]
DMA2_Stream7_IRQHandler
                         0x800'26c5         Code  Wk  startup_stm32f407xx.o [4]
DebugMon_Handler         0x800'2425    0x2  Code  ??  stm32f4xx_it.o [2]
ETH_IRQHandler           0x800'26a1         Code  Wk  startup_stm32f407xx.o [4]
ETH_WKUP_IRQHandler      0x800'26a5         Code  Wk  startup_stm32f407xx.o [4]
EXTI0_IRQHandler         0x800'25d1         Code  Wk  startup_stm32f407xx.o [4]
EXTI15_10_IRQHandler     0x800'264d         Code  Wk  startup_stm32f407xx.o [4]
EXTI1_IRQHandler         0x800'25d5         Code  Wk  startup_stm32f407xx.o [4]
EXTI2_IRQHandler         0x800'25d9         Code  Wk  startup_stm32f407xx.o [4]
EXTI3_IRQHandler         0x800'25dd         Code  Wk  startup_stm32f407xx.o [4]
EXTI4_IRQHandler         0x800'25e1         Code  Wk  startup_stm32f407xx.o [4]
EXTI9_5_IRQHandler       0x800'2609         Code  Wk  startup_stm32f407xx.o [4]
EnableJ60Motor           0x800'0579   0x3a  Code  ??  DeepJ60_Motor.o [3]
Error_Handler            0x800'1695    0x4  Code  ??  main.o [2]
FLASH_IRQHandler         0x800'25c9         Code  Wk  startup_stm32f407xx.o [4]
FPU_IRQHandler           0x800'26ed         Code  Wk  startup_stm32f407xx.o [4]
FSMC_IRQHandler          0x800'266d         Code  Wk  startup_stm32f407xx.o [4]
Flag                    0x2000'0118    0x1  Data  ??  main.o [2]
GetJ60MotorCanID         0x800'0561    0xe  Code  ??  DeepJ60_Motor.o [3]
HAL_CAN_ActivateNotification
                         0x800'1185   0x34  Code  ??  stm32f4xx_hal_can.o [5]
HAL_CAN_AddTxMessage     0x800'0eed  0x128  Code  ??  stm32f4xx_hal_can.o [5]
HAL_CAN_ConfigFilter     0x800'0d69  0x124  Code  ??  stm32f4xx_hal_can.o [5]
HAL_CAN_ErrorCallback    0x800'159d    0x2  Code  Wk  stm32f4xx_hal_can.o [5]
HAL_CAN_GetRxMessage     0x800'1015  0x170  Code  ??  stm32f4xx_hal_can.o [5]
HAL_CAN_IRQHandler       0x800'11b9  0x232  Code  ??  stm32f4xx_hal_can.o [5]
HAL_CAN_Init             0x800'0bfd  0x16c  Code  ??  stm32f4xx_hal_can.o [5]
HAL_CAN_MspInit          0x800'146d   0x9a  Code  ??  can.o [2]
HAL_CAN_RxFifo0FullCallback
                         0x800'156d    0x2  Code  Wk  stm32f4xx_hal_can.o [5]
HAL_CAN_RxFifo0MsgPendingCallback
                         0x800'1571   0x24  Code  ??  Callback.o [6]
HAL_CAN_RxFifo1FullCallback
                         0x800'1595    0x2  Code  Wk  stm32f4xx_hal_can.o [5]
HAL_CAN_RxFifo1MsgPendingCallback
                         0x800'1597    0x2  Code  Wk  stm32f4xx_hal_can.o [5]
HAL_CAN_SleepCallback    0x800'1599    0x2  Code  Wk  stm32f4xx_hal_can.o [5]
HAL_CAN_Start            0x800'0e8d   0x5c  Code  ??  stm32f4xx_hal_can.o [5]
HAL_CAN_TxMailbox0AbortCallback
                         0x800'1563    0x2  Code  Wk  stm32f4xx_hal_can.o [5]
HAL_CAN_TxMailbox0CompleteCallback
                         0x800'1561    0x2  Code  Wk  stm32f4xx_hal_can.o [5]
HAL_CAN_TxMailbox1AbortCallback
                         0x800'1567    0x2  Code  Wk  stm32f4xx_hal_can.o [5]
HAL_CAN_TxMailbox1CompleteCallback
                         0x800'1565    0x2  Code  Wk  stm32f4xx_hal_can.o [5]
HAL_CAN_TxMailbox2AbortCallback
                         0x800'156b    0x2  Code  Wk  stm32f4xx_hal_can.o [5]
HAL_CAN_TxMailbox2CompleteCallback
                         0x800'1569    0x2  Code  Wk  stm32f4xx_hal_can.o [5]
HAL_CAN_WakeUpFromRxMsgCallback
                         0x800'159b    0x2  Code  Wk  stm32f4xx_hal_can.o [5]
HAL_GPIO_Init            0x800'1701  0x21e  Code  ??  stm32f4xx_hal_gpio.o [5]
HAL_GPIO_WritePin        0x800'191f   0x1a  Code  ??  stm32f4xx_hal_gpio.o [5]
HAL_GetTick              0x800'1555    0xc  Code  Wk  stm32f4xx_hal.o [5]
HAL_IncTick              0x800'2455   0x18  Code  Wk  stm32f4xx_hal.o [5]
HAL_Init                 0x800'1acd   0x30  Code  ??  stm32f4xx_hal.o [5]
HAL_InitTick             0x800'20c5   0x4c  Code  Wk  stm32f4xx_hal.o [5]
HAL_MspInit              0x800'2111   0x40  Code  ??  stm32f4xx_hal_msp.o [2]
HAL_NVIC_EnableIRQ       0x800'1a93    0xe  Code  ??  stm32f4xx_hal_cortex.o [5]
HAL_NVIC_SetPriority     0x800'1a69   0x2a  Code  ??  stm32f4xx_hal_cortex.o [5]
HAL_NVIC_SetPriorityGrouping
                         0x800'1a5d    0xc  Code  ??  stm32f4xx_hal_cortex.o [5]
HAL_RCC_ClockConfig      0x800'1f6d  0x140  Code  ??  stm32f4xx_hal_rcc.o [5]
HAL_RCC_GetSysClockFreq
                         0x800'2151   0x94  Code  Wk  stm32f4xx_hal_rcc.o [5]
HAL_RCC_OscConfig        0x800'1b89  0x3e4  Code  Wk  stm32f4xx_hal_rcc.o [5]
HAL_SYSTICK_Config       0x800'1aa1    0xc  Code  ??  stm32f4xx_hal_cortex.o [5]
HASH_RNG_IRQHandler      0x800'26e9         Code  Wk  startup_stm32f407xx.o [4]
HardFault_Handler        0x800'241b    0x2  Code  ??  stm32f4xx_it.o [2]
I2C1_ER_IRQHandler       0x800'262d         Code  Wk  startup_stm32f407xx.o [4]
I2C1_EV_IRQHandler       0x800'2629         Code  Wk  startup_stm32f407xx.o [4]
I2C2_ER_IRQHandler       0x800'2635         Code  Wk  startup_stm32f407xx.o [4]
I2C2_EV_IRQHandler       0x800'2631         Code  Wk  startup_stm32f407xx.o [4]
I2C3_ER_IRQHandler       0x800'26d1         Code  Wk  startup_stm32f407xx.o [4]
I2C3_EV_IRQHandler       0x800'26cd         Code  Wk  startup_stm32f407xx.o [4]
J60Motor                0x2000'0060   0x44  Data  ??  DeepJ60_Motor.o [3]
J60MotorConfigToSendCanData
                         0x800'0421   0x28  Code  ??  DeepJ60_Motor.o [3]
J60MotorDataToSendCanData
                         0x800'04e1   0x30  Code  ??  DeepJ60_Motor.o [3]
J60MotorMotionDataToSendCanData
                         0x800'029d   0xae  Code  ??  DeepJ60_Motor.o [3]
MX_CAN1_Init             0x800'1415   0x58  Code  ??  can.o [2]
MX_GPIO_Init             0x800'1b01   0x88  Code  ??  gpio.o [2]
MemManage_Handler        0x800'241d    0x2  Code  ??  stm32f4xx_it.o [2]
NMI_Handler              0x800'2419    0x2  Code  ??  stm32f4xx_it.o [2]
NVIC_EncodePriority      0x800'19ed   0x40  Code  Lc  stm32f4xx_hal_cortex.o [5]
OTG_FS_IRQHandler        0x800'26b9         Code  Wk  startup_stm32f407xx.o [4]
OTG_FS_WKUP_IRQHandler   0x800'2655         Code  Wk  startup_stm32f407xx.o [4]
OTG_HS_EP1_IN_IRQHandler
                         0x800'26d9         Code  Wk  startup_stm32f407xx.o [4]
OTG_HS_EP1_OUT_IRQHandler
                         0x800'26d5         Code  Wk  startup_stm32f407xx.o [4]
OTG_HS_IRQHandler        0x800'26e1         Code  Wk  startup_stm32f407xx.o [4]
OTG_HS_WKUP_IRQHandler   0x800'26dd         Code  Wk  startup_stm32f407xx.o [4]
PVD_IRQHandler           0x800'25bd         Code  Wk  startup_stm32f407xx.o [4]
PendSV_Handler           0x800'2427    0x2  Code  ??  stm32f4xx_it.o [2]
RCC_IRQHandler           0x800'25cd         Code  Wk  startup_stm32f407xx.o [4]
RTC_Alarm_IRQHandler     0x800'2651         Code  Wk  startup_stm32f407xx.o [4]
RTC_WKUP_IRQHandler      0x800'25c5         Code  Wk  startup_stm32f407xx.o [4]
RealDataToCanData        0x800'0a9b   0x2a  Code  ??  DeepJ60_can.o [3]
ReceiveCanDataToJ60MotorConfig
                         0x800'0459   0x28  Code  ??  DeepJ60_Motor.o [3]
ReceiveCanDataToJ60MotorData
                         0x800'0511   0x50  Code  ??  DeepJ60_Motor.o [3]
ReceiveCanDataToJ60MotorMotionData
                         0x800'034d   0xd4  Code  ??  DeepJ60_Motor.o [3]
ReceiveCommandStatusToJ60MotorCommandStatus
                         0x800'0481    0x6  Code  ??  DeepJ60_Motor.o [3]
ReceiveStatusWordToJ60MotorStatusWord
                         0x800'0487   0x5a  Code  ??  DeepJ60_Motor.o [3]
Region$$Table$$Base      0x800'24f4          --   ??  - Linker created -
Region$$Table$$Limit     0x800'2518          --   ??  - Linker created -
Reset_Handler            0x800'258d         Code  Wk  startup_stm32f407xx.o [4]
RunJ60Motor              0x800'0919  0x14e  Code  ??  DeepJ60_Motor.o [3]
RunJ60MotorKdMode        0x800'0705   0x68  Code  ??  DeepJ60_Motor.o [3]
RunJ60MotorPositionMode
                         0x800'05c1   0x70  Code  ??  DeepJ60_Motor.o [3]
RunJ60MotorPositionTorqueMode
                         0x800'07c9   0x6e  Code  ??  DeepJ60_Motor.o [3]
RunJ60MotorPositonVelocityTorqueMode
                         0x800'08a7   0x72  Code  ??  DeepJ60_Motor.o [3]
RunJ60MotorTorqueMode    0x800'069d   0x68  Code  ??  DeepJ60_Motor.o [3]
RunJ60MotorVelocityMode
                         0x800'0631   0x6c  Code  ??  DeepJ60_Motor.o [3]
RunJ60MotorVelocityTorqueMode
                         0x800'083d   0x6a  Code  ??  DeepJ60_Motor.o [3]
RunJ60MotorZeroTorqueMode
                         0x800'076d   0x5a  Code  ??  DeepJ60_Motor.o [3]
SDIO_IRQHandler          0x800'2671         Code  Wk  startup_stm32f407xx.o [4]
SPI1_IRQHandler          0x800'2639         Code  Wk  startup_stm32f407xx.o [4]
SPI2_IRQHandler          0x800'263d         Code  Wk  startup_stm32f407xx.o [4]
SPI3_IRQHandler          0x800'2679         Code  Wk  startup_stm32f407xx.o [4]
SVC_Handler              0x800'2423    0x2  Code  ??  stm32f4xx_it.o [2]
SetMotionCommand         0x800'0245   0x4e  Code  ??  DeepJ60_Motor.o [3]
SetMotionParameters      0x800'01a1   0xa4  Code  ??  DeepJ60_Motor.o [3]
SetNormalCommand         0x800'0293    0xa  Code  ??  DeepJ60_Motor.o [3]
StartCan                 0x800'0a85   0x16  Code  ??  DeepJ60_can.o [3]
StartJ60MotorCommand     0x800'0189   0x16  Code  ??  DeepJ60_Motor.o [3]
SysTick_Config           0x800'1a2d   0x30  Code  Lc  stm32f4xx_hal_cortex.o [5]
SysTick_Handler          0x800'2429    0x8  Code  ??  stm32f4xx_it.o [2]
SystemClock_Config       0x800'15db   0xa6  Code  ??  main.o [2]
SystemCoreClock         0x2000'0004    0x4  Data  ??  system_stm32f4xx.o [1]
SystemInit               0x800'259d    0xc  Code  ??  system_stm32f4xx.o [1]
TAMP_STAMP_IRQHandler    0x800'25c1         Code  Wk  startup_stm32f407xx.o [4]
TIM1_BRK_TIM9_IRQHandler
                         0x800'260d         Code  Wk  startup_stm32f407xx.o [4]
TIM1_CC_IRQHandler       0x800'2619         Code  Wk  startup_stm32f407xx.o [4]
TIM1_TRG_COM_TIM11_IRQHandler
                         0x800'2615         Code  Wk  startup_stm32f407xx.o [4]
TIM1_UP_TIM10_IRQHandler
                         0x800'2611         Code  Wk  startup_stm32f407xx.o [4]
TIM2_IRQHandler          0x800'261d         Code  Wk  startup_stm32f407xx.o [4]
TIM3_IRQHandler          0x800'2621         Code  Wk  startup_stm32f407xx.o [4]
TIM4_IRQHandler          0x800'2625         Code  Wk  startup_stm32f407xx.o [4]
TIM5_IRQHandler          0x800'2675         Code  Wk  startup_stm32f407xx.o [4]
TIM6_DAC_IRQHandler      0x800'2685         Code  Wk  startup_stm32f407xx.o [4]
TIM7_IRQHandler          0x800'2689         Code  Wk  startup_stm32f407xx.o [4]
TIM8_BRK_TIM12_IRQHandler
                         0x800'2659         Code  Wk  startup_stm32f407xx.o [4]
TIM8_CC_IRQHandler       0x800'2665         Code  Wk  startup_stm32f407xx.o [4]
TIM8_TRG_COM_TIM14_IRQHandler
                         0x800'2661         Code  Wk  startup_stm32f407xx.o [4]
TIM8_UP_TIM13_IRQHandler
                         0x800'265d         Code  Wk  startup_stm32f407xx.o [4]
TxMailBox               0x2000'0110    0x4  Data  ??  DeepJ60_can.o [3]
UART4_IRQHandler         0x800'267d         Code  Wk  startup_stm32f407xx.o [4]
UART5_IRQHandler         0x800'2681         Code  Wk  startup_stm32f407xx.o [4]
USART1_IRQHandler        0x800'2641         Code  Wk  startup_stm32f407xx.o [4]
USART2_IRQHandler        0x800'2645         Code  Wk  startup_stm32f407xx.o [4]
USART3_IRQHandler        0x800'2649         Code  Wk  startup_stm32f407xx.o [4]
USART6_IRQHandler        0x800'26c9         Code  Wk  startup_stm32f407xx.o [4]
UsageFault_Handler       0x800'2421    0x2  Code  ??  stm32f4xx_it.o [2]
WWDG_IRQHandler          0x800'25b9         Code  Wk  startup_stm32f407xx.o [4]
__NVIC_EnableIRQ         0x800'19a1   0x20  Code  Lc  stm32f4xx_hal_cortex.o [5]
__NVIC_GetPriorityGrouping
                         0x800'1993    0xc  Code  Lc  stm32f4xx_hal_cortex.o [5]
__NVIC_SetPriority       0x800'19c1   0x2c  Code  Lc  stm32f4xx_hal_cortex.o [5]
__NVIC_SetPriorityGrouping
                         0x800'1971   0x22  Code  Lc  stm32f4xx_hal_cortex.o [5]
__aeabi_ldiv0            0x800'2415         Code  ??  I64DivZer.o [9]
__aeabi_memset           0x800'1699         Code  ??  ABImemset.o [9]
__aeabi_uldivmod         0x800'21e5         Code  ??  I64DivMod.o [9]
__cmain                  0x800'2519         Code  ??  cmain.o [9]
__exit                   0x800'254d   0x14  Code  ??  exit.o [10]
__iar_Memset             0x800'1699         Code  ??  ABImemset.o [9]
__iar_Memset_word        0x800'16a1         Code  ??  ABImemset.o [9]
__iar_copy_init3         0x800'13eb   0x2a  Code  ??  copy_init3.o [9]
__iar_data_init3         0x800'24a5   0x18  Code  ??  data_init.o [9]
__iar_init_vfp           0x800'24d1         Code  ??  fpinit_M.o [8]
__iar_program_start      0x800'2561         Code  ??  cstartup_M.o [9]
__iar_zero_init3         0x800'246d   0x38  Code  ??  zero_init3.o [9]
__low_level_init         0x800'2537    0x4  Code  ??  low_level_init.o [7]
__vector_table           0x800'0000         Data  ??  startup_stm32f407xx.o [4]
_call_main               0x800'2525         Code  ??  cmain.o [9]
_exit                    0x800'2541         Code  ??  cexit.o [9]
exit                     0x800'253b    0x4  Code  ??  exit.o [7]
hcan1                   0x2000'00cc   0x28  Data  ??  can.o [2]
hcan1_filter            0x2000'00a4   0x28  Data  ??  can.o [2]
main                     0x800'15a1   0x3a  Code  ??  main.o [2]
uwTick                  0x2000'0114    0x4  Data  ??  stm32f4xx_hal.o [5]
uwTickFreq              0x2000'0008    0x1  Data  ??  stm32f4xx_hal.o [5]
uwTickPrio              0x2000'0000    0x4  Data  ??  stm32f4xx_hal.o [5]


[1] = G:\STM32_DeepJ60_test\EWARM\STM32_DeepJ60_test\Obj\CMSIS_6603591812247902717.dir
[2] = G:\STM32_DeepJ60_test\EWARM\STM32_DeepJ60_test\Obj\Core_13247989168731456611.dir
[3] = G:\STM32_DeepJ60_test\EWARM\STM32_DeepJ60_test\Obj\DeepJ60_1647510875984518420.dir
[4] = G:\STM32_DeepJ60_test\EWARM\STM32_DeepJ60_test\Obj\EWARM_18443280873093131863.dir
[5] = G:\STM32_DeepJ60_test\EWARM\STM32_DeepJ60_test\Obj\STM32F4xx_HAL_Driver_1244631019742807970.dir
[6] = G:\STM32_DeepJ60_test\EWARM\STM32_DeepJ60_test\Obj\User_4889033380472473340.dir
[7] = dl7M_tln.a
[8] = m7M_tls.a
[9] = rt7M_tl.a
[10] = shb_l.a

  9'902 bytes of readonly  code memory
     66 bytes of readonly  data memory
  1'302 bytes of readwrite data memory

Errors: none
Warnings: none
